AR rx_arch behavioral "C:/Users/Sebastian/Documents/UNIVERSITY/Electronica Digital/Mesas_turnero/rx_arch.vhd" sub00/vhpl13 1481295533
AR counters_1 archi "C:/Users/Sebastian/Documents/UNIVERSITY/Electronica Digital/Mesas_turnero/Debouncer.vhd" sub00/vhpl09 1481295529
EN mux7s_arch NULL "C:/Users/Sebastian/Documents/UNIVERSITY/Electronica Digital/Mesas_turnero/mux7s_arch.vhd" sub00/vhpl04 1481295524
EN mesa_arch NULL "C:/Users/Sebastian/Documents/UNIVERSITY/Electronica Digital/Mesas_turnero/Mesa_arch.vhd" sub00/vhpl00 1481295538
AR decoder_arch behavioral "C:/Users/Sebastian/Documents/UNIVERSITY/Electronica Digital/Mesas_turnero/decoder_arch.vhd" sub00/vhpl07 1481295527
EN decoder_arch NULL "C:/Users/Sebastian/Documents/UNIVERSITY/Electronica Digital/Mesas_turnero/decoder_arch.vhd" sub00/vhpl06 1481295526
EN decoder_turn NULL "C:/Users/Sebastian/Documents/UNIVERSITY/Electronica Digital/Mesas_turnero/Decoder_turn.vhd" sub00/vhpl14 1481295534
AR siete_segmentos behavioral "C:/Users/Sebastian/Documents/UNIVERSITY/Electronica Digital/Mesas_turnero/siete_segmentos.vhd" sub00/vhpl17 1481295537
EN tx_arch NULL "C:/Users/Sebastian/Documents/UNIVERSITY/Electronica Digital/Mesas_turnero/tx_arch.vhd" sub00/vhpl10 1481295530
AR decoder_turn behavioral "C:/Users/Sebastian/Documents/UNIVERSITY/Electronica Digital/Mesas_turnero/Decoder_turn.vhd" sub00/vhpl15 1481295535
EN siete_segmentos NULL "C:/Users/Sebastian/Documents/UNIVERSITY/Electronica Digital/Mesas_turnero/siete_segmentos.vhd" sub00/vhpl16 1481295536
AR tx_arch behavioral "C:/Users/Sebastian/Documents/UNIVERSITY/Electronica Digital/Mesas_turnero/tx_arch.vhd" sub00/vhpl11 1481295531
EN rx_arch NULL "C:/Users/Sebastian/Documents/UNIVERSITY/Electronica Digital/Mesas_turnero/rx_arch.vhd" sub00/vhpl12 1481295532
AR mux7s_arch behavioral "C:/Users/Sebastian/Documents/UNIVERSITY/Electronica Digital/Mesas_turnero/mux7s_arch.vhd" sub00/vhpl05 1481295525
AR mesa_arch behavioral "C:/Users/Sebastian/Documents/UNIVERSITY/Electronica Digital/Mesas_turnero/Mesa_arch.vhd" sub00/vhpl01 1481295539
AR selector_arch behavioral "C:/Users/Sebastian/Documents/UNIVERSITY/Electronica Digital/Mesas_turnero/selector_arch.vhd" sub00/vhpl03 1481295523
EN selector_arch NULL "C:/Users/Sebastian/Documents/UNIVERSITY/Electronica Digital/Mesas_turnero/selector_arch.vhd" sub00/vhpl02 1481295522
EN counters_1 NULL "C:/Users/Sebastian/Documents/UNIVERSITY/Electronica Digital/Mesas_turnero/Debouncer.vhd" sub00/vhpl08 1481295528
